Initialized native services in: C:\Users\juinn\.gradle\native
Initialized jansi services in: C:\Users\juinn\.gradle\native
Found daemon DaemonInfo{pid=31992, address=[ee93e9ee-21cb-48d9-8645-caeabc80c44a port:55360, addresses:[/127.0.0.1]], state=Idle, lastBusy=1760958826735, context=DefaultDaemonContext[uid=8bf90468-a86c-4a2b-916d-ab9c742c9775,javaHome=C:\Users\juinn\.windsurf\extensions\redhat.java-1.46.0-win32-x64\jre\21.0.8-win32-x86_64,daemonRegistryDir=C:\Users\juinn\.gradle\daemon,pid=31992,idleTimeout=10800000,priority=NORMAL,daemonOpts=-XX:MaxMetaspaceSize=512m,-XX:+HeapDumpOnOutOfMemoryError,--add-opens,java.base/java.util=ALL-UNNAMED,--add-opens,java.base/java.lang=ALL-UNNAMED,--add-opens,java.base/java.lang.invoke=ALL-UNNAMED,--add-opens,java.base/java.util=ALL-UNNAMED,--add-opens,java.prefs/java.util.prefs=ALL-UNNAMED,--add-opens,java.prefs/java.util.prefs=ALL-UNNAMED,--add-opens,java.base/java.nio.charset=ALL-UNNAMED,--add-opens,java.base/java.net=ALL-UNNAMED,--add-opens,java.base/java.util.concurrent.atomic=ALL-UNNAMED,-Xmx1024m,-Dfile.encoding=utf-8,-Duser.country=SG,-Duser.language=en,-Duser.variant]} however its context does not match the desired criteria.
Java home is different.
Wanted: DefaultDaemonContext[uid=null,javaHome=C:\Program Files\Java\jdk-17,daemonRegistryDir=C:\Users\juinn\.gradle\daemon,pid=19752,idleTimeout=null,priority=NORMAL,daemonOpts=-XX:MaxMetaspaceSize=512m,-XX:+HeapDumpOnOutOfMemoryError,--add-opens,java.base/java.util=ALL-UNNAMED,--add-opens,java.base/java.lang=ALL-UNNAMED,--add-opens,java.base/java.lang.invoke=ALL-UNNAMED,--add-opens,java.base/java.util=ALL-UNNAMED,--add-opens,java.prefs/java.util.prefs=ALL-UNNAMED,--add-opens,java.prefs/java.util.prefs=ALL-UNNAMED,--add-opens,java.base/java.nio.charset=ALL-UNNAMED,--add-opens,java.base/java.net=ALL-UNNAMED,--add-opens,java.base/java.util.concurrent.atomic=ALL-UNNAMED,-Xmx1024m,-Dfile.encoding=utf-8,-Duser.country=SG,-Duser.language=en,-Duser.variant]
Actual: DefaultDaemonContext[uid=8bf90468-a86c-4a2b-916d-ab9c742c9775,javaHome=C:\Users\juinn\.windsurf\extensions\redhat.java-1.46.0-win32-x64\jre\21.0.8-win32-x86_64,daemonRegistryDir=C:\Users\juinn\.gradle\daemon,pid=31992,idleTimeout=10800000,priority=NORMAL,daemonOpts=-XX:MaxMetaspaceSize=512m,-XX:+HeapDumpOnOutOfMemoryError,--add-opens,java.base/java.util=ALL-UNNAMED,--add-opens,java.base/java.lang=ALL-UNNAMED,--add-opens,java.base/java.lang.invoke=ALL-UNNAMED,--add-opens,java.base/java.util=ALL-UNNAMED,--add-opens,java.prefs/java.util.prefs=ALL-UNNAMED,--add-opens,java.prefs/java.util.prefs=ALL-UNNAMED,--add-opens,java.base/java.nio.charset=ALL-UNNAMED,--add-opens,java.base/java.net=ALL-UNNAMED,--add-opens,java.base/java.util.concurrent.atomic=ALL-UNNAMED,-Xmx1024m,-Dfile.encoding=utf-8,-Duser.country=SG,-Duser.language=en,-Duser.variant]

  Looking for a different daemon...
The client will now receive all logging from the daemon (pid: 6736). The daemon log file: C:\Users\juinn\.gradle\daemon\7.4.2\daemon-6736.out.log
Starting 8th build in daemon [uptime: 16 mins 33.784 secs, performance: 100%, non-heap usage: 16% of 512 MiB]
Using 14 worker leases.
Now considering [C:\Users\juinn\Desktop\Y2\CS2103T\Projects\tp] as hierarchies to watch
Watching the file system is configured to be enabled if available
File system watching is active
Starting Build
Settings evaluated using settings file 'C:\Users\juinn\Desktop\Y2\CS2103T\Projects\tp\settings.gradle'.
Projects loaded. Root project using build file 'C:\Users\juinn\Desktop\Y2\CS2103T\Projects\tp\build.gradle'.
Included projects: [root project 'tp']

> Configure project :
Evaluating root project 'tp' using build file 'C:\Users\juinn\Desktop\Y2\CS2103T\Projects\tp\build.gradle'.
All projects evaluated.
Selected primary task 'clean' from project :
Selected primary task 'build' from project :
Tasks to be executed: [task ':clean', task ':compileJava', task ':processResources', task ':classes', task ':jar', task ':startScripts', task ':distTar', task ':distZip', task ':shadowJar', task ':startShadowScripts', task ':shadowDistTar', task ':shadowDistZip', task ':assemble', task ':checkstyleMain', task ':compileTestJava', task ':processTestResources', task ':testClasses', task ':checkstyleTest', task ':test', task ':jacocoTestReport', task ':check', task ':build']
Tasks that were excluded: []
:clean (Thread[Execution worker for ':',5,main]) started.

> Task :clean
Caching disabled for task ':clean' because:
  Build cache is disabled
Task ':clean' is not up-to-date because:
  Task has not declared any outputs despite executing actions.
:clean (Thread[Execution worker for ':',5,main]) completed. Took 0.344 secs.
destroyer locations for task group 0 (Thread[Execution worker for ':',5,main]) started.
destroyer locations for task group 0 (Thread[Execution worker for ':',5,main]) completed. Took 0.0 secs.
:compileJava (Thread[Execution worker for ':',5,main]) started.

> Task :compileJava
Caching disabled for task ':compileJava' because:
  Build cache is disabled
Task ':compileJava' is not up-to-date because:
  Output property 'destinationDirectory' file C:\Users\juinn\Desktop\Y2\CS2103T\Projects\tp\build\classes\java\main has been removed.
  Output property 'destinationDirectory' file C:\Users\juinn\Desktop\Y2\CS2103T\Projects\tp\build\classes\java\main\seedu has been removed.
  Output property 'destinationDirectory' file C:\Users\juinn\Desktop\Y2\CS2103T\Projects\tp\build\classes\java\main\seedu\address has been removed.
The input changes require a full rebuild for incremental task ':compileJava'.
Full recompilation is required because no incremental change information is available. This is usually caused by clean builds or changing compiler arguments.
Compiling with toolchain 'C:\Program Files\Java\jdk-17'.
Compiling with JDK Java compiler API.
Class dependency analysis for incremental compilation took 0.111 secs.
Created classpath snapshot for incremental compilation in 0.02 secs.
:compileJava (Thread[Execution worker for ':',5,main]) completed. Took 2.39 secs.
:processResources (Thread[Execution worker for ':' Thread 9,5,main]) started.

> Task :processResources
Caching disabled for task ':processResources' because:
  Build cache is disabled
Task ':processResources' is not up-to-date because:
  Output property 'destinationDir' file C:\Users\juinn\Desktop\Y2\CS2103T\Projects\tp\build\resources\main has been removed.
  Output property 'destinationDir' file C:\Users\juinn\Desktop\Y2\CS2103T\Projects\tp\build\resources\main\images has been removed.
  Output property 'destinationDir' file C:\Users\juinn\Desktop\Y2\CS2103T\Projects\tp\build\resources\main\images\address_book_32.png has been removed.
:processResources (Thread[Execution worker for ':' Thread 9,5,main]) completed. Took 0.106 secs.
:classes (Thread[Execution worker for ':' Thread 9,5,main]) started.

> Task :classes
Skipping task ':classes' as it has no actions.
:classes (Thread[Execution worker for ':' Thread 9,5,main]) completed. Took 0.0 secs.
:jar (Thread[Execution worker for ':' Thread 9,5,main]) started.

> Task :jar
Caching disabled for task ':jar' because:
  Build cache is disabled
Task ':jar' is not up-to-date because:
  Output property 'archiveFile' file C:\Users\juinn\Desktop\Y2\CS2103T\Projects\tp\build\libs\tp.jar has been removed.
:jar (Thread[Execution worker for ':' Thread 9,5,main]) completed. Took 0.265 secs.
:startScripts (Thread[Execution worker for ':' Thread 9,5,main]) started.

> Task :startScripts
Caching disabled for task ':startScripts' because:
  Build cache is disabled
Task ':startScripts' is not up-to-date because:
  Output property 'outputDir' file C:\Users\juinn\Desktop\Y2\CS2103T\Projects\tp\build\scripts has been removed.
  Output property 'outputDir' file C:\Users\juinn\Desktop\Y2\CS2103T\Projects\tp\build\scripts\tp has been removed.
  Output property 'outputDir' file C:\Users\juinn\Desktop\Y2\CS2103T\Projects\tp\build\scripts\tp.bat has been removed.
:startScripts (Thread[Execution worker for ':' Thread 9,5,main]) completed. Took 0.157 secs.
:distTar (Thread[Execution worker for ':' Thread 9,5,main]) started.

> Task :distTar
Caching disabled for task ':distTar' because:
  Build cache is disabled
Task ':distTar' is not up-to-date because:
  Output property 'archiveFile' file C:\Users\juinn\Desktop\Y2\CS2103T\Projects\tp\build\distributions\tp.tar has been removed.
file or directory 'C:\Users\juinn\Desktop\Y2\CS2103T\Projects\tp\src\main\dist', not found
file or directory 'C:\Users\juinn\Desktop\Y2\CS2103T\Projects\tp\src\dist', not found
:distTar (Thread[Execution worker for ':' Thread 9,5,main]) completed. Took 0.368 secs.
:distZip (Thread[Execution worker for ':' Thread 9,5,main]) started.

> Task :distZip
Caching disabled for task ':distZip' because:
  Build cache is disabled
Task ':distZip' is not up-to-date because:
  Output property 'archiveFile' file C:\Users\juinn\Desktop\Y2\CS2103T\Projects\tp\build\distributions\tp.zip has been removed.
file or directory 'C:\Users\juinn\Desktop\Y2\CS2103T\Projects\tp\src\main\dist', not found
file or directory 'C:\Users\juinn\Desktop\Y2\CS2103T\Projects\tp\src\dist', not found
:distZip (Thread[Execution worker for ':' Thread 9,5,main]) completed. Took 3.185 secs.
:shadowJar (Thread[Execution worker for ':' Thread 9,5,main]) started.

> Task :shadowJar
Caching disabled for task ':shadowJar' because:
  Build cache is disabled
Task ':shadowJar' is not up-to-date because:
  Output property 'archiveFile' file C:\Users\juinn\Desktop\Y2\CS2103T\Projects\tp\build\libs\playbook.jar has been removed.
*******************
GRADLE SHADOW STATS

Total Jars: 20 (includes project)
Total Time: 5.238s [5238ms]
Average Time/Jar: 0.26189999999999997s [261.9ms]
*******************
:shadowJar (Thread[Execution worker for ':' Thread 9,5,main]) completed. Took 5.722 secs.
:startShadowScripts (Thread[Execution worker for ':' Thread 9,5,main]) started.

> Task :startShadowScripts
Caching disabled for task ':startShadowScripts' because:
  Build cache is disabled
Task ':startShadowScripts' is not up-to-date because:
  Output property 'outputDir' file C:\Users\juinn\Desktop\Y2\CS2103T\Projects\tp\build\scriptsShadow has been removed.
  Output property 'outputDir' file C:\Users\juinn\Desktop\Y2\CS2103T\Projects\tp\build\scriptsShadow\tp has been removed.
  Output property 'outputDir' file C:\Users\juinn\Desktop\Y2\CS2103T\Projects\tp\build\scriptsShadow\tp.bat has been removed.
:startShadowScripts (Thread[Execution worker for ':' Thread 9,5,main]) completed. Took 0.793 secs.
:shadowDistTar (Thread[Execution worker for ':' Thread 9,5,main]) started.

> Task :shadowDistTar
Caching disabled for task ':shadowDistTar' because:
  Build cache is disabled
Task ':shadowDistTar' is not up-to-date because:
  Output property 'archiveFile' file C:\Users\juinn\Desktop\Y2\CS2103T\Projects\tp\build\distributions\tp-shadow.tar has been removed.
file or directory 'C:\Users\juinn\Desktop\Y2\CS2103T\Projects\tp\src\shadow\dist', not found
file or directory 'C:\Users\juinn\Desktop\Y2\CS2103T\Projects\tp\src\dist', not found
:shadowDistTar (Thread[Execution worker for ':' Thread 9,5,main]) completed. Took 0.17 secs.
:shadowDistZip (Thread[Execution worker for ':' Thread 9,5,main]) started.

> Task :shadowDistZip
Caching disabled for task ':shadowDistZip' because:
  Build cache is disabled
Task ':shadowDistZip' is not up-to-date because:
  Output property 'archiveFile' file C:\Users\juinn\Desktop\Y2\CS2103T\Projects\tp\build\distributions\tp-shadow.zip has been removed.
file or directory 'C:\Users\juinn\Desktop\Y2\CS2103T\Projects\tp\src\shadow\dist', not found
file or directory 'C:\Users\juinn\Desktop\Y2\CS2103T\Projects\tp\src\dist', not found
:shadowDistZip (Thread[Execution worker for ':' Thread 9,5,main]) completed. Took 1.375 secs.
:assemble (Thread[Execution worker for ':',5,main]) started.

> Task :assemble
Skipping task ':assemble' as it has no actions.
:assemble (Thread[Execution worker for ':',5,main]) completed. Took 0.0 secs.
:checkstyleMain (Thread[Execution worker for ':',5,main]) started.

> Task :checkstyleMain
Caching disabled for task ':checkstyleMain' because:
  Build cache is disabled
Task ':checkstyleMain' is not up-to-date because:
  Output property 'reports.enabledReports.html.outputLocation' file C:\Users\juinn\Desktop\Y2\CS2103T\Projects\tp\build\reports\checkstyle\main.html has been removed.
  Output property 'reports.enabledReports.xml.outputLocation' file C:\Users\juinn\Desktop\Y2\CS2103T\Projects\tp\build\reports\checkstyle\main.xml has been removed.
[ant:checkstyle] Running Checkstyle 11.0.0 on 128 files
[ant:xslt] Processing C:\Users\juinn\Desktop\Y2\CS2103T\Projects\tp\build\reports\checkstyle\main.xml to C:\Users\juinn\Desktop\Y2\CS2103T\Projects\tp\build\reports\checkstyle\main.html
[ant:xslt] Loading stylesheet <xsl:stylesheet	xmlns:xsl="http://www.w3.org/1999/XSL/Transform" version="1.0">
<!--
   Licensed to the Apache Software Foundation (ASF) under one or more
   contributor license agreements.  See the NOTICE file distributed with
   this work for additional information regarding copyright ownership.
   The ASF licenses this file to You under the Apache License, Version 2.0
   (the "License"); you may not use this file except in compliance with
   the License.  You may obtain a copy of the License at

       http://www.apache.org/licenses/LICENSE-2.0

   Unless required by applicable law or agreed to in writing, software
   distributed under the License is distributed on an "AS IS" BASIS,
   WITHOUT WARRANTIES OR CONDITIONS OF ANY KIND, either express or implied.
   See the License for the specific language governing permissions and
   limitations under the License.
-->

<xsl:output method="html" indent="yes"/>
<xsl:decimal-format decimal-separator="." grouping-separator="," />

<xsl:key name="files" match="file" use="@name" />

<!-- Checkstyle XML Style Sheet by Stephane Bailliez <sbailliez@apache.org>         -->
<!-- Part of the Checkstyle distribution found at http://checkstyle.sourceforge.net -->
<!-- UsageContext (generates checkstyle_report.html):                                      -->
<!--    <checkstyle failonviolation="false" config="${check.config}">               -->
<!--      <fileset dir="${src.dir}" includes="**/*.java"/>                          -->
<!--      <formatter type="xml" toFile="${doc.dir}/checkstyle_report.xml"/>         -->
<!--    </checkstyle>                                                               -->
<!--    <style basedir="${doc.dir}" destdir="${doc.dir}"                            -->
<!--            includes="checkstyle_report.xml"                                    -->
<!--            style="${doc.dir}/checkstyle-noframes-sorted.xsl"/>                 -->

<xsl:template match="checkstyle">
	<html>
		<head>
		<style type="text/css">
    .bannercell {
      border: 0px;
      padding: 0px;
    }
    body {
      margin-left: 10;
      margin-right: 10;
      font:normal 80% arial,helvetica,sanserif;
      background-color:#FFFFFF;
      color:#000000;
    }
    .a td {
      background: #efefef;
    }
    .b td {
      background: #fff;
    }
    th, td {
      text-align: left;
      vertical-align: top;
    }
    th {
      font-weight:bold;
      background: #ccc;
      color: black;
    }
    table, th, td {
      font-size:100%;
      border: none
    }
    table.log tr td, tr th {

    }
    h2 {
      font-weight:bold;
      font-size:140%;
      margin-bottom: 5;
    }
    h3 {
      font-size:100%;
      font-weight:bold;
      background: #525D76;
      color: white;
      text-decoration: none;
      padding: 5px;
      margin-right: 2px;
      margin-left: 2px;
      margin-bottom: 0;
    }
		</style>
		</head>
		<body>
			<a name="top"></a>
      <!-- jakarta logo -->
      <table border="0" cellpadding="0" cellspacing="0" width="100%">
      <tr>
        <td class="bannercell" rowspan="2">
          <!--a href="http://jakarta.apache.org/">
          <img src="http://jakarta.apache.org/images/jakarta-logo.gif" alt="http://jakarta.apache.org" align="left" border="0"/>
          </a-->
        </td>
    		<td class="text-align:right"><h2>CheckStyle Audit</h2></td>
    		</tr>
    		<tr>
    		<td class="text-align:right">Designed for use with <a href='http://checkstyle.sourceforge.net/'>CheckStyle</a> and <a href='http://jakarta.apache.org'>Ant</a>.</td>
    		</tr>
      </table>
    	<hr size="1"/>

			<!-- Summary part -->
			<xsl:apply-templates select="." mode="summary"/>
			<hr size="1" width="100%" align="left"/>

			<!-- Package List part -->
			<xsl:apply-templates select="." mode="filelist"/>
			<hr size="1" width="100%" align="left"/>

			<!-- For each package create its part -->
            <xsl:apply-templates select="file[@name and generate-id(.) = generate-id(key('files', @name))]" />

			<hr size="1" width="100%" align="left"/>


		</body>
	</html>
</xsl:template>



	<xsl:template match="checkstyle" mode="filelist">
		<h3>Files</h3>
		<table class="log" border="0" cellpadding="5" cellspacing="2" width="100%">
      <tr>
        <th>Name</th>
        <th>Errors</th>
      </tr>
          <xsl:for-each select="file[@name and generate-id(.) = generate-id(key('files', @name))]">
                <xsl:sort data-type="number" order="descending" select="count(key('files', @name)/error)"/>
				<xsl:variable name="errorCount" select="count(error)"/>
				<tr>
          <xsl:call-template name="alternated-row"/>
					<td><a href="#f-{@name}"><xsl:value-of select="@name"/></a></td>
					<td><xsl:value-of select="$errorCount"/></td>
				</tr>
			</xsl:for-each>
		</table>
	</xsl:template>


	<xsl:template match="file">
    <a name="f-{@name}"></a>
    <h3>File <xsl:value-of select="@name"/></h3>

    <table class="log" border="0" cellpadding="5" cellspacing="2" width="100%">
    	<tr>
    	  <th>Error Description</th>
    	  <th>Line</th>
      </tr>
        <xsl:for-each select="key('files', @name)/error">
          <xsl:sort data-type="number" order="ascending" select="@line"/>
    	<tr>
        <xsl:call-template name="alternated-row"/>
    	  <td><xsl:value-of select="@message"/></td>
    	  <td><xsl:value-of select="@line"/></td>
    	</tr>
    	</xsl:for-each>
    </table>
    <a href="#top">Back to top</a>
	</xsl:template>


	<xsl:template match="checkstyle" mode="summary">
		<h3>Summary</h3>
        <xsl:variable name="fileCount" select="count(file[@name and generate-id(.) = generate-id(key('files', @name))])"/>
		<xsl:variable name="errorCount" select="count(file/error)"/>
		<table class="log" border="0" cellpadding="5" cellspacing="2" width="100%">
		<tr>
			<th>Files</th>
			<th>Errors</th>
		</tr>
		<tr>
		  <xsl:call-template name="alternated-row"/>
			<td><xsl:value-of select="$fileCount"/></td>
			<td><xsl:value-of select="$errorCount"/></td>
		</tr>
		</table>
	</xsl:template>

  <xsl:template name="alternated-row">
    <xsl:attribute name="class">
      <xsl:if test="position() mod 2 = 1">a</xsl:if>
      <xsl:if test="position() mod 2 = 0">b</xsl:if>
    </xsl:attribute>
  </xsl:template>
</xsl:stylesheet>



:checkstyleMain (Thread[Execution worker for ':',5,main]) completed. Took 6.374 secs.
:compileTestJava (Thread[Execution worker for ':' Thread 13,5,main]) started.

> Task :compileTestJava
Caching disabled for task ':compileTestJava' because:
  Build cache is disabled
Task ':compileTestJava' is not up-to-date because:
  Task has failed previously.
The input changes require a full rebuild for incremental task ':compileTestJava'.
Full recompilation is required because no incremental change information is available. This is usually caused by clean builds or changing compiler arguments.
Compiling with toolchain 'C:\Program Files\Java\jdk-17'.
Compiling with JDK Java compiler API.
.\\gradlew.bat : C:\Users\juinn\Desktop\Y2\CS2103T\Projects\tp\src\test\ja
va\seedu\address\storage\JsonAdaptedPersonTest.java:55: error: 
incompatible types: List<JsonAdaptedInjury> cannot be converted to String
At line:1 char:1
+ .\\gradlew.bat clean build --stacktrace --info --console=plain *> bui 
...
+ ~~~~~~~~~~~~~~~~~~~~~~~~~~~~~~~~~~~~~~~~~~~~~~~~~~~~~~~~~~~~~~~~~~~~~
    + CategoryInfo          : NotSpecified: (C:\Users\juinn\...erted to S 
   tring:String) [], RemoteException
    + FullyQualifiedErrorId : NativeCommandError
 
                VALID_INJURIES, VALID_TEAM, VALID_POSITION, VALID_TAGS);
                ^
C:\Users\juinn\Desktop\Y2\CS2103T\Projects\tp\src\test\java\seedu\address\
storage\JsonAdaptedPersonTest.java:63: error: incompatible types: 
List<JsonAdaptedInjury> cannot be converted to String
                VALID_INJURIES, VALID_TEAM, VALID_POSITION, VALID_TAGS);
                ^
C:\Users\juinn\Desktop\Y2\CS2103T\Projects\tp\src\test\java\seedu\address\
storage\JsonAdaptedPersonTest.java:71: error: incompatible types: 
List<JsonAdaptedInjury> cannot be converted to String
                VALID_INJURIES, VALID_TEAM, VALID_POSITION, VALID_TAGS);
                ^
C:\Users\juinn\Desktop\Y2\CS2103T\Projects\tp\src\test\java\seedu\address\
storage\JsonAdaptedPersonTest.java:79: error: incompatible types: 
List<JsonAdaptedInjury> cannot be converted to String
                VALID_INJURIES, VALID_TEAM, VALID_POSITION, VALID_TAGS);
                ^
C:\Users\juinn\Desktop\Y2\CS2103T\Projects\tp\src\test\java\seedu\address\
storage\JsonAdaptedPersonTest.java:87: error: incompatible types: 
List<JsonAdaptedInjury> cannot be converted to String
                VALID_INJURIES, VALID_TEAM, VALID_POSITION, VALID_TAGS);
                ^
C:\Users\juinn\Desktop\Y2\CS2103T\Projects\tp\src\test\java\seedu\address\
storage\JsonAdaptedPersonTest.java:95: error: incompatible types: 
List<JsonAdaptedInjury> cannot be converted to String
                VALID_INJURIES, VALID_TEAM, VALID_POSITION, VALID_TAGS);
                ^
C:\Users\juinn\Desktop\Y2\CS2103T\Projects\tp\src\test\java\seedu\address\
storage\JsonAdaptedPersonTest.java:103: error: incompatible types: 
List<JsonAdaptedInjury> cannot be converted to String
                VALID_INJURIES, VALID_TEAM, VALID_POSITION, VALID_TAGS);
                ^
C:\Users\juinn\Desktop\Y2\CS2103T\Projects\tp\src\test\java\seedu\address\
storage\JsonAdaptedPersonTest.java:111: error: incompatible types: 
List<JsonAdaptedInjury> cannot be converted to String
                VALID_INJURIES, VALID_TEAM, VALID_POSITION, VALID_TAGS);
                ^
C:\Users\juinn\Desktop\Y2\CS2103T\Projects\tp\src\test\java\seedu\address\
storage\JsonAdaptedPersonTest.java:121: error: incompatible types: 
List<JsonAdaptedInjury> cannot be converted to String
                invalidInjuries, VALID_TEAM, VALID_POSITION, VALID_TAGS);
                ^
C:\Users\juinn\Desktop\Y2\CS2103T\Projects\tp\src\test\java\seedu\address\
storage\JsonAdaptedPersonTest.java:129: error: incompatible types: 
List<JsonAdaptedInjury> cannot be converted to String
                emptyInjuries, VALID_TEAM, VALID_POSITION, VALID_TAGS);
                ^
C:\Users\juinn\Desktop\Y2\CS2103T\Projects\tp\src\test\java\seedu\address\
storage\JsonAdaptedPersonTest.java:141: error: incompatible types: 
List<JsonAdaptedInjury> cannot be converted to String
                validInjuries, VALID_TEAM, VALID_POSITION, VALID_TAGS);
                ^
C:\Users\juinn\Desktop\Y2\CS2103T\Projects\tp\src\test\java\seedu\address\
storage\JsonAdaptedPersonTest.java:158: error: incompatible types: 
List<JsonAdaptedInjury> cannot be converted to String
                VALID_INJURIES, VALID_TEAM, VALID_POSITION, invalidTags);
                ^
C:\Users\juinn\Desktop\Y2\CS2103T\Projects\tp\src\test\java\seedu\address\
storage\JsonAdaptedPersonTest.java:165: error: incompatible types: 
List<JsonAdaptedInjury> cannot be converted to String
                VALID_INJURIES, null, VALID_POSITION, VALID_TAGS);
                ^
Note: Some messages have been simplified; recompile with -Xdiags:verbose 
to get full output
13 errors

> Task :compileTestJava FAILED
:compileTestJava (Thread[Execution worker for ':' Thread 13,5,main]) completed. Took 2.61 secs.

FAILURE: Build failed with an exception.

* What went wrong:
Execution failed for task ':compileTestJava'.
> Compilation failed; see the compiler error output for details.

* Try:
> Run with --debug option to get more log output.
> Run with --scan to get full insights.

* Exception is:
org.gradle.api.tasks.TaskExecutionException: Execution failed for task 
':compileTestJava'.
	at org.gradle.api.internal.tasks.execution.ExecuteActionsTaskExecuter.lam
bda$executeIfValid$1(ExecuteActionsTaskExecuter.java:147)
	at org.gradle.internal.Try$Failure.ifSuccessfulOrElse(Try.java:282)
	at org.gradle.api.internal.tasks.execution.ExecuteActionsTaskExecuter.exe
cuteIfValid(ExecuteActionsTaskExecuter.java:145)
	at org.gradle.api.internal.tasks.execution.ExecuteActionsTaskExecuter.exe
cute(ExecuteActionsTaskExecuter.java:133)
	at org.gradle.api.internal.tasks.execution.CleanupStaleOutputsExecuter.ex
ecute(CleanupStaleOutputsExecuter.java:77)
	at org.gradle.api.internal.tasks.execution.FinalizePropertiesTaskExecuter
.execute(FinalizePropertiesTaskExecuter.java:46)
	at org.gradle.api.internal.tasks.execution.ResolveTaskExecutionModeExecut
er.execute(ResolveTaskExecutionModeExecuter.java:51)
	at org.gradle.api.internal.tasks.execution.SkipTaskWithNoActionsExecuter.
execute(SkipTaskWithNoActionsExecuter.java:57)
	at org.gradle.api.internal.tasks.execution.SkipOnlyIfTaskExecuter.execute
(SkipOnlyIfTaskExecuter.java:56)
	at org.gradle.api.internal.tasks.execution.CatchExceptionTaskExecuter.exe
cute(CatchExceptionTaskExecuter.java:36)
	at org.gradle.api.internal.tasks.execution.EventFiringTaskExecuter$1.exec
uteTask(EventFiringTaskExecuter.java:77)
	at org.gradle.api.internal.tasks.execution.EventFiringTaskExecuter$1.call
(EventFiringTaskExecuter.java:55)
	at org.gradle.api.internal.tasks.execution.EventFiringTaskExecuter$1.call
(EventFiringTaskExecuter.java:52)
	at org.gradle.internal.operations.DefaultBuildOperationRunner$CallableBui
ldOperationWorker.execute(DefaultBuildOperationRunner.java:204)
	at org.gradle.internal.operations.DefaultBuildOperationRunner$CallableBui
ldOperationWorker.execute(DefaultBuildOperationRunner.java:199)
	at org.gradle.internal.operations.DefaultBuildOperationRunner$2.execute(D
efaultBuildOperationRunner.java:66)
	at org.gradle.internal.operations.DefaultBuildOperationRunner$2.execute(D
efaultBuildOperationRunner.java:59)
	at org.gradle.internal.operations.DefaultBuildOperationRunner.execute(Def
aultBuildOperationRunner.java:157)
	at org.gradle.internal.operations.DefaultBuildOperationRunner.execute(Def
aultBuildOperationRunner.java:59)
	at org.gradle.internal.operations.DefaultBuildOperationRunner.call(Defaul
tBuildOperationRunner.java:53)
	at org.gradle.internal.operations.DefaultBuildOperationExecutor.call(Defa
ultBuildOperationExecutor.java:73)
	at org.gradle.api.internal.tasks.execution.EventFiringTaskExecuter.execut
e(EventFiringTaskExecuter.java:52)
	at org.gradle.execution.plan.LocalTaskNodeExecutor.execute(LocalTaskNodeE
xecutor.java:74)
	at org.gradle.execution.taskgraph.DefaultTaskExecutionGraph$InvokeNodeExe
cutorsAction.execute(DefaultTaskExecutionGraph.java:333)
	at org.gradle.execution.taskgraph.DefaultTaskExecutionGraph$InvokeNodeExe
cutorsAction.execute(DefaultTaskExecutionGraph.java:320)
	at org.gradle.execution.taskgraph.DefaultTaskExecutionGraph$BuildOperatio
nAwareExecutionAction.execute(DefaultTaskExecutionGraph.java:313)
	at org.gradle.execution.taskgraph.DefaultTaskExecutionGraph$BuildOperatio
nAwareExecutionAction.execute(DefaultTaskExecutionGraph.java:299)
	at org.gradle.execution.plan.DefaultPlanExecutor$ExecutorWorker.lambda$ru
n$0(DefaultPlanExecutor.java:143)
	at org.gradle.execution.plan.DefaultPlanExecutor$ExecutorWorker.execute(D
efaultPlanExecutor.java:227)
	at org.gradle.execution.plan.DefaultPlanExecutor$ExecutorWorker.executeNe
xtNode(DefaultPlanExecutor.java:218)
	at org.gradle.execution.plan.DefaultPlanExecutor$ExecutorWorker.run(Defau
ltPlanExecutor.java:140)
	at org.gradle.internal.concurrent.ExecutorPolicy$CatchAndRecordFailures.o
nExecute(ExecutorPolicy.java:64)
	at org.gradle.internal.concurrent.ManagedExecutorImpl$1.run(ManagedExecut
orImpl.java:48)
Caused by: 
org.gradle.api.internal.tasks.compile.CompilationFailedException: 
Compilation failed; see the compiler error output for details.
	at org.gradle.api.internal.tasks.compile.JdkJavaCompiler.execute(JdkJavaC
ompiler.java:56)
	at org.gradle.api.internal.tasks.compile.JdkJavaCompiler.execute(JdkJavaC
ompiler.java:39)
	at org.gradle.api.internal.tasks.compile.NormalizingJavaCompiler.delegate
AndHandleErrors(NormalizingJavaCompiler.java:97)
	at org.gradle.api.internal.tasks.compile.NormalizingJavaCompiler.execute(
NormalizingJavaCompiler.java:51)
	at org.gradle.api.internal.tasks.compile.NormalizingJavaCompiler.execute(
NormalizingJavaCompiler.java:37)
	at org.gradle.api.internal.tasks.compile.AnnotationProcessorDiscoveringCo
mpiler.execute(AnnotationProcessorDiscoveringCompiler.java:51)
	at org.gradle.api.internal.tasks.compile.AnnotationProcessorDiscoveringCo
mpiler.execute(AnnotationProcessorDiscoveringCompiler.java:37)
	at org.gradle.api.internal.tasks.compile.ModuleApplicationNameWritingComp
iler.execute(ModuleApplicationNameWritingCompiler.java:46)
	at org.gradle.api.internal.tasks.compile.ModuleApplicationNameWritingComp
iler.execute(ModuleApplicationNameWritingCompiler.java:36)
	at org.gradle.jvm.toolchain.internal.DefaultToolchainJavaCompiler.execute
(DefaultToolchainJavaCompiler.java:57)
	at org.gradle.api.tasks.compile.JavaCompile.lambda$createToolchainCompile
r$1(JavaCompile.java:232)
	at org.gradle.api.internal.tasks.compile.CleaningJavaCompiler.execute(Cle
aningJavaCompiler.java:53)
	at org.gradle.api.internal.tasks.compile.incremental.IncrementalCompilerF
actory.lambda$createRebuildAllCompiler$0(IncrementalCompilerFactory.java:5
2)
	at org.gradle.api.internal.tasks.compile.incremental.SelectiveCompiler.ex
ecute(SelectiveCompiler.java:67)
	at org.gradle.api.internal.tasks.compile.incremental.SelectiveCompiler.ex
ecute(SelectiveCompiler.java:41)
	at org.gradle.api.internal.tasks.compile.incremental.IncrementalResultSto
ringCompiler.execute(IncrementalResultStoringCompiler.java:66)
	at org.gradle.api.internal.tasks.compile.incremental.IncrementalResultSto
ringCompiler.execute(IncrementalResultStoringCompiler.java:52)
	at org.gradle.api.internal.tasks.compile.CompileJavaBuildOperationReporti
ngCompiler$2.call(CompileJavaBuildOperationReportingCompiler.java:59)
	at org.gradle.api.internal.tasks.compile.CompileJavaBuildOperationReporti
ngCompiler$2.call(CompileJavaBuildOperationReportingCompiler.java:51)
	at org.gradle.internal.operations.DefaultBuildOperationRunner$CallableBui
ldOperationWorker.execute(DefaultBuildOperationRunner.java:204)
	at org.gradle.internal.operations.DefaultBuildOperationRunner$CallableBui
ldOperationWorker.execute(DefaultBuildOperationRunner.java:199)
	at org.gradle.internal.operations.DefaultBuildOperationRunner$2.execute(D
efaultBuildOperationRunner.java:66)
	at org.gradle.internal.operations.DefaultBuildOperationRunner$2.execute(D
efaultBuildOperationRunner.java:59)
	at org.gradle.internal.operations.DefaultBuildOperationRunner.execute(Def
aultBuildOperationRunner.java:157)
	at org.gradle.internal.operations.DefaultBuildOperationRunner.execute(Def
aultBuildOperationRunner.java:59)
	at org.gradle.internal.operations.DefaultBuildOperationRunner.call(Defaul
tBuildOperationRunner.java:53)
	at org.gradle.internal.operations.DefaultBuildOperationExecutor.call(Defa
ultBuildOperationExecutor.java:73)
	at org.gradle.api.internal.tasks.compile.CompileJavaBuildOperationReporti
ngCompiler.execute(CompileJavaBuildOperationReportingCompiler.java:51)
	at org.gradle.api.tasks.compile.JavaCompile.performCompilation(JavaCompil
e.java:279)
	at org.gradle.api.tasks.compile.JavaCompile.performIncrementalCompilation
(JavaCompile.java:165)
	at org.gradle.api.tasks.compile.JavaCompile.compile(JavaCompile.java:146)
	at 
java.base/jdk.internal.reflect.NativeMethodAccessorImpl.invoke0(Native 
Method)
	at java.base/jdk.internal.reflect.NativeMethodAccessorImpl.invoke(NativeM
ethodAccessorImpl.java:77)
	at java.base/jdk.internal.reflect.DelegatingMethodAccessorImpl.invoke(Del
egatingMethodAccessorImpl.java:43)
	at org.gradle.internal.reflect.JavaMethod.invoke(JavaMethod.java:104)
	at org.gradle.api.internal.project.taskfactory.IncrementalInputsTaskActio
n.doExecute(IncrementalInputsTaskAction.java:32)
	at org.gradle.api.internal.project.taskfactory.StandardTaskAction.execute
(StandardTaskAction.java:51)
	at org.gradle.api.internal.project.taskfactory.AbstractIncrementalTaskAct
ion.execute(AbstractIncrementalTaskAction.java:25)
	at org.gradle.api.internal.project.taskfactory.StandardTaskAction.execute
(StandardTaskAction.java:29)
	at org.gradle.api.internal.tasks.execution.TaskExecution$3.run(TaskExecut
ion.java:242)
	at org.gradle.internal.operations.DefaultBuildOperationRunner$1.execute(D
efaultBuildOperationRunner.java:29)
	at org.gradle.internal.operations.DefaultBuildOperationRunner$1.execute(D
efaultBuildOperationRunner.java:26)
	at org.gradle.internal.operations.DefaultBuildOperationRunner$2.execute(D
efaultBuildOperationRunner.java:66)
	at org.gradle.internal.operations.DefaultBuildOperationRunner$2.execute(D
efaultBuildOperationRunner.java:59)
	at org.gradle.internal.operations.DefaultBuildOperationRunner.execute(Def
aultBuildOperationRunner.java:157)
	at org.gradle.internal.operations.DefaultBuildOperationRunner.execute(Def
aultBuildOperationRunner.java:59)
	at org.gradle.internal.operations.DefaultBuildOperationRunner.run(Default
BuildOperationRunner.java:47)
	at org.gradle.internal.operations.DefaultBuildOperationExecutor.run(Defau
ltBuildOperationExecutor.java:68)
	at org.gradle.api.internal.tasks.execution.TaskExecution.executeAction(Ta
skExecution.java:227)
	at org.gradle.api.internal.tasks.execution.TaskExecution.executeActions(T
askExecution.java:210)
	at org.gradle.api.internal.tasks.execution.TaskExecution.executeWithPrevi
ousOutputFiles(TaskExecution.java:193)
	at org.gradle.api.internal.tasks.execution.TaskExecution.execute(TaskExec
ution.java:171)
	at org.gradle.internal.execution.steps.ExecuteStep.executeInternal(Execut
eStep.java:89)
	at org.gradle.internal.execution.steps.ExecuteStep.access$000(ExecuteStep
.java:40)
	at org.gradle.internal.execution.steps.ExecuteStep$1.call(ExecuteStep.jav
a:53)
	at org.gradle.internal.execution.steps.ExecuteStep$1.call(ExecuteStep.jav
a:50)
	at org.gradle.internal.operations.DefaultBuildOperationRunner$CallableBui
ldOperationWorker.execute(DefaultBuildOperationRunner.java:204)
	at org.gradle.internal.operations.DefaultBuildOperationRunner$CallableBui
ldOperationWorker.execute(DefaultBuildOperationRunner.java:199)
	at org.gradle.internal.operations.DefaultBuildOperationRunner$2.execute(D
efaultBuildOperationRunner.java:66)
	at org.gradle.internal.operations.DefaultBuildOperationRunner$2.execute(D
efaultBuildOperationRunner.java:59)
	at org.gradle.internal.operations.DefaultBuildOperationRunner.execute(Def
aultBuildOperationRunner.java:157)
	at org.gradle.internal.operations.DefaultBuildOperationRunner.execute(Def
aultBuildOperationRunner.java:59)
	at org.gradle.internal.operations.DefaultBuildOperationRunner.call(Defaul
tBuildOperationRunner.java:53)
	at org.gradle.internal.operations.DefaultBuildOperationExecutor.call(Defa
ultBuildOperationExecutor.java:73)
	at org.gradle.internal.execution.steps.ExecuteStep.execute(ExecuteStep.ja
va:50)
	at org.gradle.internal.execution.steps.ExecuteStep.execute(ExecuteStep.ja
va:40)
	at org.gradle.internal.execution.steps.RemovePreviousOutputsStep.execute(
RemovePreviousOutputsStep.java:68)
	at org.gradle.internal.execution.steps.RemovePreviousOutputsStep.execute(
RemovePreviousOutputsStep.java:38)
	at org.gradle.internal.execution.steps.ResolveInputChangesStep.execute(Re
solveInputChangesStep.java:48)
	at org.gradle.internal.execution.steps.ResolveInputChangesStep.execute(Re
solveInputChangesStep.java:36)
	at org.gradle.internal.execution.steps.CancelExecutionStep.execute(Cancel
ExecutionStep.java:41)
	at org.gradle.internal.execution.steps.TimeoutStep.executeWithoutTimeout(
TimeoutStep.java:74)
	at org.gradle.internal.execution.steps.TimeoutStep.execute(TimeoutStep.ja
va:55)
	at org.gradle.internal.execution.steps.CreateOutputsStep.execute(CreateOu
tputsStep.java:51)
	at org.gradle.internal.execution.steps.CreateOutputsStep.execute(CreateOu
tputsStep.java:29)
	at org.gradle.internal.execution.steps.CaptureStateAfterExecutionStep.exe
cute(CaptureStateAfterExecutionStep.java:61)
	at org.gradle.internal.execution.steps.CaptureStateAfterExecutionStep.exe
cute(CaptureStateAfterExecutionStep.java:42)
	at org.gradle.internal.execution.steps.BroadcastChangingOutputsStep.execu
te(BroadcastChangingOutputsStep.java:60)
	at org.gradle.internal.execution.steps.BroadcastChangingOutputsStep.execu
te(BroadcastChangingOutputsStep.java:27)
	at org.gradle.internal.execution.steps.BuildCacheStep.executeWithoutCache
(BuildCacheStep.java:180)
	at org.gradle.internal.execution.steps.BuildCacheStep.lambda$execute$1(Bu
ildCacheStep.java:75)
	at org.gradle.internal.Either$Right.fold(Either.java:175)
	at org.gradle.internal.execution.caching.CachingState.fold(CachingState.j
ava:59)
	at org.gradle.internal.execution.steps.BuildCacheStep.execute(BuildCacheS
tep.java:73)
	at org.gradle.internal.execution.steps.BuildCacheStep.execute(BuildCacheS
tep.java:48)
	at org.gradle.internal.execution.steps.StoreExecutionStateStep.execute(St
oreExecutionStateStep.java:36)
	at org.gradle.internal.execution.steps.StoreExecutionStateStep.execute(St
oreExecutionStateStep.java:25)
	at org.gradle.internal.execution.steps.RecordOutputsStep.execute(RecordOu
tputsStep.java:36)
	at org.gradle.internal.execution.steps.RecordOutputsStep.execute(RecordOu
tputsStep.java:22)
	at org.gradle.internal.execution.steps.SkipUpToDateStep.executeBecause(Sk
ipUpToDateStep.java:110)
	at org.gradle.internal.execution.steps.SkipUpToDateStep.lambda$execute$2(
SkipUpToDateStep.java:56)
	at org.gradle.internal.execution.steps.SkipUpToDateStep.execute(SkipUpToD
ateStep.java:56)
	at org.gradle.internal.execution.steps.SkipUpToDateStep.execute(SkipUpToD
ateStep.java:38)
	at org.gradle.internal.execution.steps.ResolveChangesStep.execute(Resolve
ChangesStep.java:73)
	at org.gradle.internal.execution.steps.ResolveChangesStep.execute(Resolve
ChangesStep.java:44)
	at org.gradle.internal.execution.steps.legacy.MarkSnapshottingInputsFinis
hedStep.execute(MarkSnapshottingInputsFinishedStep.java:37)
	at org.gradle.internal.execution.steps.legacy.MarkSnapshottingInputsFinis
hedStep.execute(MarkSnapshottingInputsFinishedStep.java:27)
	at org.gradle.internal.execution.steps.ResolveCachingStateStep.execute(Re
solveCachingStateStep.java:89)
	at org.gradle.internal.execution.steps.ResolveCachingStateStep.execute(Re
solveCachingStateStep.java:50)
	at org.gradle.internal.execution.steps.ValidateStep.execute(ValidateStep.
java:114)
	at org.gradle.internal.execution.steps.ValidateStep.execute(ValidateStep.
java:57)
	at org.gradle.internal.execution.steps.CaptureStateBeforeExecutionStep.ex
ecute(CaptureStateBeforeExecutionStep.java:76)
	at org.gradle.internal.execution.steps.CaptureStateBeforeExecutionStep.ex
ecute(CaptureStateBeforeExecutionStep.java:50)
	at org.gradle.internal.execution.steps.SkipEmptyWorkStep.executeWithNoEmp
tySources(SkipEmptyWorkStep.java:249)
	at org.gradle.internal.execution.steps.SkipEmptyWorkStep.executeWithNoEmp
tySources(SkipEmptyWorkStep.java:204)
	at org.gradle.internal.execution.steps.SkipEmptyWorkStep.execute(SkipEmpt
yWorkStep.java:83)
	at org.gradle.internal.execution.steps.SkipEmptyWorkStep.execute(SkipEmpt
yWorkStep.java:54)
	at org.gradle.internal.execution.steps.RemoveUntrackedExecutionStateStep.
execute(RemoveUntrackedExecutionStateStep.java:32)
	at org.gradle.internal.execution.steps.RemoveUntrackedExecutionStateStep.
execute(RemoveUntrackedExecutionStateStep.java:21)
	at org.gradle.internal.execution.steps.legacy.MarkSnapshottingInputsStart
edStep.execute(MarkSnapshottingInputsStartedStep.java:38)
	at org.gradle.internal.execution.steps.LoadPreviousExecutionStateStep.exe
cute(LoadPreviousExecutionStateStep.java:43)
	at org.gradle.internal.execution.steps.LoadPreviousExecutionStateStep.exe
cute(LoadPreviousExecutionStateStep.java:31)
	at org.gradle.internal.execution.steps.AssignWorkspaceStep.lambda$execute
$0(AssignWorkspaceStep.java:40)
	at org.gradle.api.internal.tasks.execution.TaskExecution$4.withWorkspace(
TaskExecution.java:287)
	at org.gradle.internal.execution.steps.AssignWorkspaceStep.execute(Assign
WorkspaceStep.java:40)
	at org.gradle.internal.execution.steps.AssignWorkspaceStep.execute(Assign
WorkspaceStep.java:30)
	at org.gradle.internal.execution.steps.IdentityCacheStep.execute(Identity
CacheStep.java:37)
	at org.gradle.internal.execution.steps.IdentityCacheStep.execute(Identity
CacheStep.java:27)
	at org.gradle.internal.execution.steps.IdentifyStep.execute(IdentifyStep.
java:44)
	at org.gradle.internal.execution.steps.IdentifyStep.execute(IdentifyStep.
java:33)
	at org.gradle.internal.execution.impl.DefaultExecutionEngine$1.execute(De
faultExecutionEngine.java:76)
	at org.gradle.api.internal.tasks.execution.ExecuteActionsTaskExecuter.exe
cuteIfValid(ExecuteActionsTaskExecuter.java:144)
	at org.gradle.api.internal.tasks.execution.ExecuteActionsTaskExecuter.exe
cute(ExecuteActionsTaskExecuter.java:133)
	at org.gradle.api.internal.tasks.execution.CleanupStaleOutputsExecuter.ex
ecute(CleanupStaleOutputsExecuter.java:77)
	at org.gradle.api.internal.tasks.execution.FinalizePropertiesTaskExecuter
.execute(FinalizePropertiesTaskExecuter.java:46)
	at org.gradle.api.internal.tasks.execution.ResolveTaskExecutionModeExecut
er.execute(ResolveTaskExecutionModeExecuter.java:51)
	at org.gradle.api.internal.tasks.execution.SkipTaskWithNoActionsExecuter.
execute(SkipTaskWithNoActionsExecuter.java:57)
	at org.gradle.api.internal.tasks.execution.SkipOnlyIfTaskExecuter.execute
(SkipOnlyIfTaskExecuter.java:56)
	at org.gradle.api.internal.tasks.execution.CatchExceptionTaskExecuter.exe
cute(CatchExceptionTaskExecuter.java:36)
	at org.gradle.api.internal.tasks.execution.EventFiringTaskExecuter$1.exec
uteTask(EventFiringTaskExecuter.java:77)
	at org.gradle.api.internal.tasks.execution.EventFiringTaskExecuter$1.call
(EventFiringTaskExecuter.java:55)
	at org.gradle.api.internal.tasks.execution.EventFiringTaskExecuter$1.call
(EventFiringTaskExecuter.java:52)
	at org.gradle.internal.operations.DefaultBuildOperationRunner$CallableBui
ldOperationWorker.execute(DefaultBuildOperationRunner.java:204)
	at org.gradle.internal.operations.DefaultBuildOperationRunner$CallableBui
ldOperationWorker.execute(DefaultBuildOperationRunner.java:199)
	at org.gradle.internal.operations.DefaultBuildOperationRunner$2.execute(D
efaultBuildOperationRunner.java:66)
	at org.gradle.internal.operations.DefaultBuildOperationRunner$2.execute(D
efaultBuildOperationRunner.java:59)
	at org.gradle.internal.operations.DefaultBuildOperationRunner.execute(Def
aultBuildOperationRunner.java:157)
13 actionable tasks: 13 executed
Watched directory hierarchies: [C:\Users\juinn\Desktop\Y2\CS2103T\Projects\tp]
	at org.gradle.internal.operations.DefaultBuildOperationRunner.execute(Def
aultBuildOperationRunner.java:59)
	at org.gradle.internal.operations.DefaultBuildOperationRunner.call(Defaul
tBuildOperationRunner.java:53)
	at org.gradle.internal.operations.DefaultBuildOperationExecutor.call(Defa
ultBuildOperationExecutor.java:73)
	at org.gradle.api.internal.tasks.execution.EventFiringTaskExecuter.execut
e(EventFiringTaskExecuter.java:52)
	at org.gradle.execution.plan.LocalTaskNodeExecutor.execute(LocalTaskNodeE
xecutor.java:74)
	at org.gradle.execution.taskgraph.DefaultTaskExecutionGraph$InvokeNodeExe
cutorsAction.execute(DefaultTaskExecutionGraph.java:333)
	at org.gradle.execution.taskgraph.DefaultTaskExecutionGraph$InvokeNodeExe
cutorsAction.execute(DefaultTaskExecutionGraph.java:320)
	at org.gradle.execution.taskgraph.DefaultTaskExecutionGraph$BuildOperatio
nAwareExecutionAction.execute(DefaultTaskExecutionGraph.java:313)
	at org.gradle.execution.taskgraph.DefaultTaskExecutionGraph$BuildOperatio
nAwareExecutionAction.execute(DefaultTaskExecutionGraph.java:299)
	at org.gradle.execution.plan.DefaultPlanExecutor$ExecutorWorker.lambda$ru
n$0(DefaultPlanExecutor.java:143)
	at org.gradle.execution.plan.DefaultPlanExecutor$ExecutorWorker.execute(D
efaultPlanExecutor.java:227)
	at org.gradle.execution.plan.DefaultPlanExecutor$ExecutorWorker.executeNe
xtNode(DefaultPlanExecutor.java:218)
	at org.gradle.execution.plan.DefaultPlanExecutor$ExecutorWorker.run(Defau
ltPlanExecutor.java:140)
	at org.gradle.internal.concurrent.ExecutorPolicy$CatchAndRecordFailures.o
nExecute(ExecutorPolicy.java:64)
	at org.gradle.internal.concurrent.ManagedExecutorImpl$1.run(ManagedExecut
orImpl.java:48)


* Get more help at https://help.gradle.org

BUILD FAILED in 26s
